Channel 2:  125.00036 MHz
Channel 3:  000.00000 MHz
Channel 0:  125.00183 MHz
Channel 1:  019.99945 MHz
Channel 3:  000.00000 MHz
Channel 0:  125.00184 MHz
Channel 1:  019.99945 MHz
Channel 2:  125.00036 MHz
